Archive member included because of file (symbol)

c:/winavr-20090313/bin/../lib/gcc/avr/4.3.2/avr4\libgcc.a(_udivmodqi4.o)
                              ./Clock.o (__udivmodqi4)
c:/winavr-20090313/bin/../lib/gcc/avr/4.3.2/avr4\libgcc.a(_exit.o)
                              c:/winavr-20090313/bin/../lib/gcc/avr/4.3.2/../../../../avr/lib/avr4/crtm8.o (exit)
c:/winavr-20090313/bin/../lib/gcc/avr/4.3.2/avr4\libgcc.a(_copy_data.o)
                              ./Clock.o (__do_copy_data)
c:/winavr-20090313/bin/../lib/gcc/avr/4.3.2/avr4\libgcc.a(_clear_bss.o)
                              ./Clock.o (__do_clear_bss)

Memory Configuration

Name             Origin             Length             Attributes
text             0x00000000         0x00002000         xr
data             0x00800060         0x0000ffa0         rw !x
eeprom           0x00810000         0x00010000         rw !x
fuse             0x00820000         0x00000400         rw !x
lock             0x00830000         0x00000400         rw !x
signature        0x00840000         0x00000400         rw !x
*default*        0x00000000         0xffffffff

Linker script and memory map

LOAD c:/winavr-20090313/bin/../lib/gcc/avr/4.3.2/../../../../avr/lib/avr4/crtm8.o
LOAD ./Clock.o
LOAD ./ds1307.o
LOAD ./ds18b20.o
LOAD c:/winavr-20090313/bin/../lib/gcc/avr/4.3.2/avr4\libgcc.a
LOAD c:/winavr-20090313/bin/../lib/gcc/avr/4.3.2/../../../../avr/lib/avr4\libm.a
LOAD c:/winavr-20090313/bin/../lib/gcc/avr/4.3.2/avr4\libgcc.a
LOAD c:/winavr-20090313/bin/../lib/gcc/avr/4.3.2/../../../../avr/lib/avr4\libc.a
LOAD c:/winavr-20090313/bin/../lib/gcc/avr/4.3.2/avr4\libgcc.a

.hash
 *(.hash)

.dynsym
 *(.dynsym)

.dynstr
 *(.dynstr)

.gnu.version
 *(.gnu.version)

.gnu.version_d
 *(.gnu.version_d)

.gnu.version_r
 *(.gnu.version_r)

.rel.init
 *(.rel.init)

.rela.init
 *(.rela.init)

.rel.text
 *(.rel.text)
 *(.rel.text.*)
 *(.rel.gnu.linkonce.t*)

.rela.text
 *(.rela.text)
 *(.rela.text.*)
 *(.rela.gnu.linkonce.t*)

.rel.fini
 *(.rel.fini)

.rela.fini
 *(.rela.fini)

.rel.rodata
 *(.rel.rodata)
 *(.rel.rodata.*)
 *(.rel.gnu.linkonce.r*)

.rela.rodata
 *(.rela.rodata)
 *(.rela.rodata.*)
 *(.rela.gnu.linkonce.r*)

.rel.data
 *(.rel.data)
 *(.rel.data.*)
 *(.rel.gnu.linkonce.d*)

.rela.data
 *(.rela.data)
 *(.rela.data.*)
 *(.rela.gnu.linkonce.d*)

.rel.ctors
 *(.rel.ctors)

.rela.ctors
 *(.rela.ctors)

.rel.dtors
 *(.rel.dtors)

.rela.dtors
 *(.rela.dtors)

.rel.got
 *(.rel.got)

.rela.got
 *(.rela.got)

.rel.bss
 *(.rel.bss)

.rela.bss
 *(.rela.bss)

.rel.plt
 *(.rel.plt)

.rela.plt
 *(.rela.plt)

.text           0x00000000      0xc4c
 *(.vectors)
 .vectors       0x00000000       0x26 c:/winavr-20090313/bin/../lib/gcc/avr/4.3.2/../../../../avr/lib/avr4/crtm8.o
                0x00000000                __vectors
                0x00000000                __vector_default
 *(.vectors)
 *(.progmem.gcc*)
 *(.progmem*)
                0x00000026                . = ALIGN (0x2)
                0x00000026                __trampolines_start = .
 *(.trampolines)
 .trampolines   0x00000026        0x0 linker stubs
 *(.trampolines*)
                0x00000026                __trampolines_end = .
 *(.jumptables)
 *(.jumptables*)
 *(.lowtext)
 *(.lowtext*)
                0x00000026                __ctors_start = .
 *(.ctors)
                0x00000026                __ctors_end = .
                0x00000026                __dtors_start = .
 *(.dtors)
                0x00000026                __dtors_end = .
 SORT(*)(.ctors)
 SORT(*)(.dtors)
 *(.init0)
 .init0         0x00000026        0x0 c:/winavr-20090313/bin/../lib/gcc/avr/4.3.2/../../../../avr/lib/avr4/crtm8.o
                0x00000026                __init
 *(.init0)
 *(.init1)
 *(.init1)
 *(.init2)
 .init2         0x00000026        0xc c:/winavr-20090313/bin/../lib/gcc/avr/4.3.2/../../../../avr/lib/avr4/crtm8.o
 *(.init2)
 *(.init3)
 *(.init3)
 *(.init4)
 .init4         0x00000032       0x16 c:/winavr-20090313/bin/../lib/gcc/avr/4.3.2/avr4\libgcc.a(_copy_data.o)
                0x00000032                __do_copy_data
 .init4         0x00000048       0x10 c:/winavr-20090313/bin/../lib/gcc/avr/4.3.2/avr4\libgcc.a(_clear_bss.o)
                0x00000048                __do_clear_bss
 *(.init4)
 *(.init5)
 *(.init5)
 *(.init6)
 *(.init6)
 *(.init7)
 *(.init7)
 *(.init8)
 *(.init8)
 *(.init9)
 .init9         0x00000058        0x4 c:/winavr-20090313/bin/../lib/gcc/avr/4.3.2/../../../../avr/lib/avr4/crtm8.o
 *(.init9)
 *(.text)
 .text          0x0000005c        0x2 c:/winavr-20090313/bin/../lib/gcc/avr/4.3.2/../../../../avr/lib/avr4/crtm8.o
                0x0000005c                __vector_1
                0x0000005c                __vector_12
                0x0000005c                __bad_interrupt
                0x0000005c                __vector_3
                0x0000005c                __vector_11
                0x0000005c                __vector_13
                0x0000005c                __vector_17
                0x0000005c                __vector_7
                0x0000005c                __vector_5
                0x0000005c                __vector_4
                0x0000005c                __vector_15
                0x0000005c                __vector_8
                0x0000005c                __vector_14
                0x0000005c                __vector_10
                0x0000005c                __vector_16
                0x0000005c                __vector_18
 .text          0x0000005e      0x6ea ./Clock.o
                0x00000146                set_display
                0x000000d2                bcd_inc
                0x000004f6                __vector_6
                0x00000098                from_bcd
                0x0000010c                bcd_dec
                0x00000240                init
                0x0000030a                main
                0x0000005e                to_bcd
                0x0000046a                __vector_9
                0x0000038a                __vector_2
 .text          0x00000748      0x4e8 ./ds1307.o
                0x00000af6                rtc_write
                0x00000aa8                twi_write
                0x00000a52                twi_set_write
                0x00000802                twi_set_read
                0x00000776                twi_start
                0x000007c0                twi_stop
                0x00000bf0                twi_write_byte
                0x00000748                delay
                0x00000858                twi_read
                0x00000ba2                twi_read_byte
                0x000007d8                rtc_set_address
                0x000008fa                rtc_read
 .text          0x00000c30        0x0 ./ds18b20.o
 .text          0x00000c30        0x0 c:/winavr-20090313/bin/../lib/gcc/avr/4.3.2/avr4\libgcc.a(_udivmodqi4.o)
 .text          0x00000c30        0x0 c:/winavr-20090313/bin/../lib/gcc/avr/4.3.2/avr4\libgcc.a(_exit.o)
 .text          0x00000c30        0x0 c:/winavr-20090313/bin/../lib/gcc/avr/4.3.2/avr4\libgcc.a(_copy_data.o)
 .text          0x00000c30        0x0 c:/winavr-20090313/bin/../lib/gcc/avr/4.3.2/avr4\libgcc.a(_clear_bss.o)
                0x00000c30                . = ALIGN (0x2)
 *(.text.*)
 .text.libgcc   0x00000c30       0x18 c:/winavr-20090313/bin/../lib/gcc/avr/4.3.2/avr4\libgcc.a(_udivmodqi4.o)
                0x00000c30                __udivmodqi4
 .text.libgcc   0x00000c48        0x0 c:/winavr-20090313/bin/../lib/gcc/avr/4.3.2/avr4\libgcc.a(_exit.o)
 .text.libgcc   0x00000c48        0x0 c:/winavr-20090313/bin/../lib/gcc/avr/4.3.2/avr4\libgcc.a(_copy_data.o)
 .text.libgcc   0x00000c48        0x0 c:/winavr-20090313/bin/../lib/gcc/avr/4.3.2/avr4\libgcc.a(_clear_bss.o)
                0x00000c48                . = ALIGN (0x2)
 *(.fini9)
 .fini9         0x00000c48        0x0 c:/winavr-20090313/bin/../lib/gcc/avr/4.3.2/avr4\libgcc.a(_exit.o)
                0x00000c48                exit
                0x00000c48                _exit
 *(.fini9)
 *(.fini8)
 *(.fini8)
 *(.fini7)
 *(.fini7)
 *(.fini6)
 *(.fini6)
 *(.fini5)
 *(.fini5)
 *(.fini4)
 *(.fini4)
 *(.fini3)
 *(.fini3)
 *(.fini2)
 *(.fini2)
 *(.fini1)
 *(.fini1)
 *(.fini0)
 .fini0         0x00000c48        0x4 c:/winavr-20090313/bin/../lib/gcc/avr/4.3.2/avr4\libgcc.a(_exit.o)
 *(.fini0)
                0x00000c4c                _etext = .

.data           0x00800060       0x20 load address 0x00000c4c
                0x00800060                PROVIDE (__data_start, .)
 *(.data)
 .data          0x00800060        0x0 c:/winavr-20090313/bin/../lib/gcc/avr/4.3.2/../../../../avr/lib/avr4/crtm8.o
 .data          0x00800060       0x1f ./Clock.o
                0x00800067                nr
                0x00800062                keyboard_poll
                0x00800066                prescaler1
                0x0080007b                display
                0x00800064                keyboard_delay
                0x00800060                count0
                0x00800061                prescaler0
                0x00800077                mux
 .data          0x0080007f        0x0 ./ds1307.o
 .data          0x0080007f        0x0 ./ds18b20.o
 .data          0x0080007f        0x0 c:/winavr-20090313/bin/../lib/gcc/avr/4.3.2/avr4\libgcc.a(_udivmodqi4.o)
 .data          0x0080007f        0x0 c:/winavr-20090313/bin/../lib/gcc/avr/4.3.2/avr4\libgcc.a(_exit.o)
 .data          0x0080007f        0x0 c:/winavr-20090313/bin/../lib/gcc/avr/4.3.2/avr4\libgcc.a(_copy_data.o)
 .data          0x0080007f        0x0 c:/winavr-20090313/bin/../lib/gcc/avr/4.3.2/avr4\libgcc.a(_clear_bss.o)
 *(.data*)
 *(.rodata)
 *(.rodata*)
 *(.gnu.linkonce.d*)
                0x00800080                . = ALIGN (0x2)
 *fill*         0x0080007f        0x1 00
                0x00800080                _edata = .
                0x00800080                PROVIDE (__data_end, .)

.bss            0x00800080        0xc
                0x00800080                PROVIDE (__bss_start, .)
 *(.bss)
 .bss           0x00800080        0x0 c:/winavr-20090313/bin/../lib/gcc/avr/4.3.2/../../../../avr/lib/avr4/crtm8.o
 .bss           0x00800080        0xb ./Clock.o
                0x00800081                keyboard
                0x00800082                int_dir
                0x00800083                tick
                0x00800080                q
                0x00800084                clock
 .bss           0x0080008b        0x1 ./ds1307.o
                0x0080008b                TWI_S
 .bss           0x0080008c        0x0 ./ds18b20.o
 .bss           0x0080008c        0x0 c:/winavr-20090313/bin/../lib/gcc/avr/4.3.2/avr4\libgcc.a(_udivmodqi4.o)
 .bss           0x0080008c        0x0 c:/winavr-20090313/bin/../lib/gcc/avr/4.3.2/avr4\libgcc.a(_exit.o)
 .bss           0x0080008c        0x0 c:/winavr-20090313/bin/../lib/gcc/avr/4.3.2/avr4\libgcc.a(_copy_data.o)
 .bss           0x0080008c        0x0 c:/winavr-20090313/bin/../lib/gcc/avr/4.3.2/avr4\libgcc.a(_clear_bss.o)
 *(.bss*)
 *(COMMON)
                0x0080008c                PROVIDE (__bss_end, .)
                0x00000c4c                __data_load_start = LOADADDR (.data)
                0x00000c6c                __data_load_end = (__data_load_start + SIZEOF (.data))

.noinit         0x0080008c        0x0
                0x0080008c                PROVIDE (__noinit_start, .)
 *(.noinit*)
                0x0080008c                PROVIDE (__noinit_end, .)
                0x0080008c                _end = .
                0x0080008c                PROVIDE (__heap_start, .)

.eeprom         0x00810000        0x0
 *(.eeprom*)
                0x00810000                __eeprom_end = .

.fuse
 *(.fuse)
 *(.lfuse)
 *(.hfuse)
 *(.efuse)

.lock
 *(.lock*)

.signature
 *(.signature*)

.stab           0x00000000     0x12b4
 *(.stab)
 .stab          0x00000000      0x984 ./Clock.o
 .stab          0x00000984      0x81c ./ds1307.o
                                0x9f0 (size before relaxing)
 .stab          0x000011a0      0x114 ./ds18b20.o
                                0x2d0 (size before relaxing)

.stabstr        0x00000000      0xa21
 *(.stabstr)
 .stabstr       0x00000000      0xa21 ./Clock.o

.stab.excl
 *(.stab.excl)

.stab.exclstr
 *(.stab.exclstr)

.stab.index
 *(.stab.index)

.stab.indexstr
 *(.stab.indexstr)

.comment
 *(.comment)

.debug
 *(.debug)

.line
 *(.line)

.debug_srcinfo
 *(.debug_srcinfo)

.debug_sfnames
 *(.debug_sfnames)

.debug_aranges
 *(.debug_aranges)

.debug_pubnames
 *(.debug_pubnames)

.debug_info
 *(.debug_info)
 *(.gnu.linkonce.wi.*)

.debug_abbrev
 *(.debug_abbrev)

.debug_line
 *(.debug_line)

.debug_frame
 *(.debug_frame)

.debug_str
 *(.debug_str)

.debug_loc
 *(.debug_loc)

.debug_macinfo
 *(.debug_macinfo)
OUTPUT(atmega8_clock.elf elf32-avr)
LOAD linker stubs

Cross Reference Table

Symbol                                            File
TWI_S                                             ./ds1307.o
__bad_interrupt                                   c:/winavr-20090313/bin/../lib/gcc/avr/4.3.2/../../../../avr/lib/avr4/crtm8.o
__bss_end                                         c:/winavr-20090313/bin/../lib/gcc/avr/4.3.2/avr4\libgcc.a(_clear_bss.o)
__bss_start                                       c:/winavr-20090313/bin/../lib/gcc/avr/4.3.2/avr4\libgcc.a(_clear_bss.o)
__data_end                                        c:/winavr-20090313/bin/../lib/gcc/avr/4.3.2/avr4\libgcc.a(_copy_data.o)
__data_load_start                                 c:/winavr-20090313/bin/../lib/gcc/avr/4.3.2/avr4\libgcc.a(_copy_data.o)
__data_start                                      c:/winavr-20090313/bin/../lib/gcc/avr/4.3.2/avr4\libgcc.a(_copy_data.o)
__do_clear_bss                                    c:/winavr-20090313/bin/../lib/gcc/avr/4.3.2/avr4\libgcc.a(_clear_bss.o)
                                                  ./ds1307.o
                                                  ./Clock.o
__do_copy_data                                    c:/winavr-20090313/bin/../lib/gcc/avr/4.3.2/avr4\libgcc.a(_copy_data.o)
                                                  ./Clock.o
__heap_end                                        c:/winavr-20090313/bin/../lib/gcc/avr/4.3.2/../../../../avr/lib/avr4/crtm8.o
__init                                            c:/winavr-20090313/bin/../lib/gcc/avr/4.3.2/../../../../avr/lib/avr4/crtm8.o
__stack                                           c:/winavr-20090313/bin/../lib/gcc/avr/4.3.2/../../../../avr/lib/avr4/crtm8.o
__udivmodqi4                                      c:/winavr-20090313/bin/../lib/gcc/avr/4.3.2/avr4\libgcc.a(_udivmodqi4.o)
                                                  ./Clock.o
__vector_1                                        c:/winavr-20090313/bin/../lib/gcc/avr/4.3.2/../../../../avr/lib/avr4/crtm8.o
__vector_10                                       c:/winavr-20090313/bin/../lib/gcc/avr/4.3.2/../../../../avr/lib/avr4/crtm8.o
__vector_11                                       c:/winavr-20090313/bin/../lib/gcc/avr/4.3.2/../../../../avr/lib/avr4/crtm8.o
__vector_12                                       c:/winavr-20090313/bin/../lib/gcc/avr/4.3.2/../../../../avr/lib/avr4/crtm8.o
__vector_13                                       c:/winavr-20090313/bin/../lib/gcc/avr/4.3.2/../../../../avr/lib/avr4/crtm8.o
__vector_14                                       c:/winavr-20090313/bin/../lib/gcc/avr/4.3.2/../../../../avr/lib/avr4/crtm8.o
__vector_15                                       c:/winavr-20090313/bin/../lib/gcc/avr/4.3.2/../../../../avr/lib/avr4/crtm8.o
__vector_16                                       c:/winavr-20090313/bin/../lib/gcc/avr/4.3.2/../../../../avr/lib/avr4/crtm8.o
__vector_17                                       c:/winavr-20090313/bin/../lib/gcc/avr/4.3.2/../../../../avr/lib/avr4/crtm8.o
__vector_18                                       c:/winavr-20090313/bin/../lib/gcc/avr/4.3.2/../../../../avr/lib/avr4/crtm8.o
__vector_2                                        ./Clock.o
                                                  c:/winavr-20090313/bin/../lib/gcc/avr/4.3.2/../../../../avr/lib/avr4/crtm8.o
__vector_3                                        c:/winavr-20090313/bin/../lib/gcc/avr/4.3.2/../../../../avr/lib/avr4/crtm8.o
__vector_4                                        c:/winavr-20090313/bin/../lib/gcc/avr/4.3.2/../../../../avr/lib/avr4/crtm8.o
__vector_5                                        c:/winavr-20090313/bin/../lib/gcc/avr/4.3.2/../../../../avr/lib/avr4/crtm8.o
__vector_6                                        ./Clock.o
                                                  c:/winavr-20090313/bin/../lib/gcc/avr/4.3.2/../../../../avr/lib/avr4/crtm8.o
__vector_7                                        c:/winavr-20090313/bin/../lib/gcc/avr/4.3.2/../../../../avr/lib/avr4/crtm8.o
__vector_8                                        c:/winavr-20090313/bin/../lib/gcc/avr/4.3.2/../../../../avr/lib/avr4/crtm8.o
__vector_9                                        ./Clock.o
                                                  c:/winavr-20090313/bin/../lib/gcc/avr/4.3.2/../../../../avr/lib/avr4/crtm8.o
__vector_default                                  c:/winavr-20090313/bin/../lib/gcc/avr/4.3.2/../../../../avr/lib/avr4/crtm8.o
__vectors                                         c:/winavr-20090313/bin/../lib/gcc/avr/4.3.2/../../../../avr/lib/avr4/crtm8.o
_exit                                             c:/winavr-20090313/bin/../lib/gcc/avr/4.3.2/avr4\libgcc.a(_exit.o)
bcd_dec                                           ./Clock.o
bcd_inc                                           ./Clock.o
clock                                             ./Clock.o
count0                                            ./Clock.o
delay                                             ./ds1307.o
display                                           ./Clock.o
exit                                              c:/winavr-20090313/bin/../lib/gcc/avr/4.3.2/avr4\libgcc.a(_exit.o)
                                                  c:/winavr-20090313/bin/../lib/gcc/avr/4.3.2/../../../../avr/lib/avr4/crtm8.o
from_bcd                                          ./Clock.o
init                                              ./Clock.o
int_dir                                           ./Clock.o
keyboard                                          ./Clock.o
keyboard_delay                                    ./Clock.o
keyboard_poll                                     ./Clock.o
main                                              ./Clock.o
                                                  c:/winavr-20090313/bin/../lib/gcc/avr/4.3.2/../../../../avr/lib/avr4/crtm8.o
mux                                               ./Clock.o
nr                                                ./Clock.o
prescaler0                                        ./Clock.o
prescaler1                                        ./Clock.o
q                                                 ./Clock.o
rtc_read                                          ./ds1307.o
                                                  ./Clock.o
rtc_set_address                                   ./ds1307.o
rtc_write                                         ./ds1307.o
set_display                                       ./Clock.o
tick                                              ./Clock.o
to_bcd                                            ./Clock.o
twi_read                                          ./ds1307.o
twi_read_byte                                     ./ds1307.o
twi_set_read                                      ./ds1307.o
twi_set_write                                     ./ds1307.o
twi_start                                         ./ds1307.o
twi_stop                                          ./ds1307.o
twi_write                                         ./ds1307.o
twi_write_byte                                    ./ds1307.o
                                                  ./Clock.o
