Archive member included because of file (symbol)

c:/winavr-20090313/bin/../lib/gcc/avr/4.3.2/avr4\libgcc.a(_exit.o)
                              c:/winavr-20090313/bin/../lib/gcc/avr/4.3.2/../../../../avr/lib/avr4/crtm8.o (exit)
c:/winavr-20090313/bin/../lib/gcc/avr/4.3.2/avr4\libgcc.a(_copy_data.o)
                              InfraHID.o (__do_copy_data)
c:/winavr-20090313/bin/../lib/gcc/avr/4.3.2/avr4\libgcc.a(_clear_bss.o)
                              InfraHID.o (__do_clear_bss)

Allocating common symbols
Common symbol       size              file

usbTxBuf            0xb               usbdrv.o
usbAppBuf           0x1               usbdrv.o
usbTxBuf1           0xb               usbdrv.o
usbInputBuf         0x1               usbdrv.o
usbDeviceAddr       0x1               usbdrv.o
usbRxToken          0x1               usbdrv.o
usbMsgPtr           0x2               usbdrv.o
usbTxPacketCnt1     0x1               usbdrv.o
usbRxLen            0x1               usbdrv.o
usbNewDeviceAddr    0x1               usbdrv.o
usbCurrentTok       0x1               usbdrv.o
usbConfiguration    0x1               usbdrv.o

Memory Configuration

Name             Origin             Length             Attributes
text             0x00000000         0x00002000         xr
data             0x00800060         0x0000ffa0         rw !x
eeprom           0x00810000         0x00010000         rw !x
fuse             0x00820000         0x00000400         rw !x
lock             0x00830000         0x00000400         rw !x
signature        0x00840000         0x00000400         rw !x
*default*        0x00000000         0xffffffff

Linker script and memory map

LOAD c:/winavr-20090313/bin/../lib/gcc/avr/4.3.2/../../../../avr/lib/avr4/crtm8.o
LOAD InfraHID.o
LOAD oddebug.o
LOAD usbdrv.o
LOAD usbdrvasm.o
LOAD c:/winavr-20090313/bin/../lib/gcc/avr/4.3.2/avr4\libgcc.a
LOAD c:/winavr-20090313/bin/../lib/gcc/avr/4.3.2/../../../../avr/lib/avr4\libc.a
LOAD c:/winavr-20090313/bin/../lib/gcc/avr/4.3.2/avr4\libgcc.a

.hash
 *(.hash)

.dynsym
 *(.dynsym)

.dynstr
 *(.dynstr)

.gnu.version
 *(.gnu.version)

.gnu.version_d
 *(.gnu.version_d)

.gnu.version_r
 *(.gnu.version_r)

.rel.init
 *(.rel.init)

.rela.init
 *(.rela.init)

.rel.text
 *(.rel.text)
 *(.rel.text.*)
 *(.rel.gnu.linkonce.t*)

.rela.text
 *(.rela.text)
 *(.rela.text.*)
 *(.rela.gnu.linkonce.t*)

.rel.fini
 *(.rel.fini)

.rela.fini
 *(.rela.fini)

.rel.rodata
 *(.rel.rodata)
 *(.rel.rodata.*)
 *(.rel.gnu.linkonce.r*)

.rela.rodata
 *(.rela.rodata)
 *(.rela.rodata.*)
 *(.rela.gnu.linkonce.r*)

.rel.data
 *(.rel.data)
 *(.rel.data.*)
 *(.rel.gnu.linkonce.d*)

.rela.data
 *(.rela.data)
 *(.rela.data.*)
 *(.rela.gnu.linkonce.d*)

.rel.ctors
 *(.rel.ctors)

.rela.ctors
 *(.rela.ctors)

.rel.dtors
 *(.rel.dtors)

.rela.dtors
 *(.rela.dtors)

.rel.got
 *(.rel.got)

.rela.got
 *(.rela.got)

.rel.bss
 *(.rel.bss)

.rela.bss
 *(.rela.bss)

.rel.plt
 *(.rel.plt)

.rela.plt
 *(.rela.plt)

.text           0x00000000      0xbf8
 *(.vectors)
 .vectors       0x00000000       0x26 c:/winavr-20090313/bin/../lib/gcc/avr/4.3.2/../../../../avr/lib/avr4/crtm8.o
                0x00000000                __vectors
                0x00000000                __vector_default
 *(.vectors)
 *(.progmem.gcc*)
 *(.progmem*)
 .progmem.data  0x00000026       0x6f InfraHID.o
 .progmem.data  0x00000095       0x62 usbdrv.o
                0x000000e5                usbDescriptorDevice
                0x00000095                usbDescriptorString0
                0x00000099                usbDescriptorStringVendor
                0x000000cb                usbDescriptorStringDevice
                0x000000f8                . = ALIGN (0x2)
 *fill*         0x000000f7        0x1 00
                0x000000f8                __trampolines_start = .
 *(.trampolines)
 .trampolines   0x000000f8        0x0 linker stubs
 *(.trampolines*)
                0x000000f8                __trampolines_end = .
 *(.jumptables)
 *(.jumptables*)
 *(.lowtext)
 *(.lowtext*)
                0x000000f8                __ctors_start = .
 *(.ctors)
                0x000000f8                __ctors_end = .
                0x000000f8                __dtors_start = .
 *(.dtors)
                0x000000f8                __dtors_end = .
 SORT(*)(.ctors)
 SORT(*)(.dtors)
 *(.init0)
 .init0         0x000000f8        0x0 c:/winavr-20090313/bin/../lib/gcc/avr/4.3.2/../../../../avr/lib/avr4/crtm8.o
                0x000000f8                __init
 *(.init0)
 *(.init1)
 *(.init1)
 *(.init2)
 .init2         0x000000f8        0xc c:/winavr-20090313/bin/../lib/gcc/avr/4.3.2/../../../../avr/lib/avr4/crtm8.o
 *(.init2)
 *(.init3)
 *(.init3)
 *(.init4)
 .init4         0x00000104       0x16 c:/winavr-20090313/bin/../lib/gcc/avr/4.3.2/avr4\libgcc.a(_copy_data.o)
                0x00000104                __do_copy_data
 .init4         0x0000011a       0x10 c:/winavr-20090313/bin/../lib/gcc/avr/4.3.2/avr4\libgcc.a(_clear_bss.o)
                0x0000011a                __do_clear_bss
 *(.init4)
 *(.init5)
 *(.init5)
 *(.init6)
 *(.init6)
 *(.init7)
 *(.init7)
 *(.init8)
 *(.init8)
 *(.init9)
 .init9         0x0000012a        0x4 c:/winavr-20090313/bin/../lib/gcc/avr/4.3.2/../../../../avr/lib/avr4/crtm8.o
 *(.init9)
 *(.text)
 .text          0x0000012e        0x2 c:/winavr-20090313/bin/../lib/gcc/avr/4.3.2/../../../../avr/lib/avr4/crtm8.o
                0x0000012e                __vector_12
                0x0000012e                __bad_interrupt
                0x0000012e                __vector_6
                0x0000012e                __vector_3
                0x0000012e                __vector_11
                0x0000012e                __vector_13
                0x0000012e                __vector_17
                0x0000012e                __vector_7
                0x0000012e                __vector_5
                0x0000012e                __vector_4
                0x0000012e                __vector_9
                0x0000012e                __vector_15
                0x0000012e                __vector_8
                0x0000012e                __vector_14
                0x0000012e                __vector_10
                0x0000012e                __vector_16
                0x0000012e                __vector_18
 .text          0x00000130      0x4ce InfraHID.o
                0x00000130                usbFunctionDescriptor
                0x00000168                usbFunctionSetup
                0x00000350                main
                0x000001cc                __vector_2
 .text          0x000005fe        0x0 oddebug.o
 .text          0x000005fe      0x290 usbdrv.o
                0x0000061a                usbPoll
                0x0000083c                usbSetInterrupt
                0x000005fe                usbInit
 .text          0x0000088e      0x366 usbdrvasm.o
                0x0000088e                __vector_1
                0x00000bba                usbCrc16
                0x00000bec                usbCrc16Append
 .text          0x00000bf4        0x0 c:/winavr-20090313/bin/../lib/gcc/avr/4.3.2/avr4\libgcc.a(_exit.o)
 .text          0x00000bf4        0x0 c:/winavr-20090313/bin/../lib/gcc/avr/4.3.2/avr4\libgcc.a(_copy_data.o)
 .text          0x00000bf4        0x0 c:/winavr-20090313/bin/../lib/gcc/avr/4.3.2/avr4\libgcc.a(_clear_bss.o)
                0x00000bf4                . = ALIGN (0x2)
 *(.text.*)
 .text.libgcc   0x00000bf4        0x0 c:/winavr-20090313/bin/../lib/gcc/avr/4.3.2/avr4\libgcc.a(_exit.o)
 .text.libgcc   0x00000bf4        0x0 c:/winavr-20090313/bin/../lib/gcc/avr/4.3.2/avr4\libgcc.a(_copy_data.o)
 .text.libgcc   0x00000bf4        0x0 c:/winavr-20090313/bin/../lib/gcc/avr/4.3.2/avr4\libgcc.a(_clear_bss.o)
                0x00000bf4                . = ALIGN (0x2)
 *(.fini9)
 .fini9         0x00000bf4        0x0 c:/winavr-20090313/bin/../lib/gcc/avr/4.3.2/avr4\libgcc.a(_exit.o)
                0x00000bf4                exit
                0x00000bf4                _exit
 *(.fini9)
 *(.fini8)
 *(.fini8)
 *(.fini7)
 *(.fini7)
 *(.fini6)
 *(.fini6)
 *(.fini5)
 *(.fini5)
 *(.fini4)
 *(.fini4)
 *(.fini3)
 *(.fini3)
 *(.fini2)
 *(.fini2)
 *(.fini1)
 *(.fini1)
 *(.fini0)
 .fini0         0x00000bf4        0x4 c:/winavr-20090313/bin/../lib/gcc/avr/4.3.2/avr4\libgcc.a(_exit.o)
 *(.fini0)
                0x00000bf8                _etext = .

.data           0x00800060       0xa4 load address 0x00000bf8
                0x00800060                PROVIDE (__data_start, .)
 *(.data)
 .data          0x00800060        0x0 c:/winavr-20090313/bin/../lib/gcc/avr/4.3.2/../../../../avr/lib/avr4/crtm8.o
 .data          0x00800060       0xa0 InfraHID.o
 .data          0x00800100        0x0 oddebug.o
 .data          0x00800100        0x3 usbdrv.o
                0x00800100                usbMsgLen
                0x00800102                usbTxLen1
                0x00800101                usbTxLen
 .data          0x00800103        0x0 usbdrvasm.o
 .data          0x00800103        0x0 c:/winavr-20090313/bin/../lib/gcc/avr/4.3.2/avr4\libgcc.a(_exit.o)
 .data          0x00800103        0x0 c:/winavr-20090313/bin/../lib/gcc/avr/4.3.2/avr4\libgcc.a(_copy_data.o)
 .data          0x00800103        0x0 c:/winavr-20090313/bin/../lib/gcc/avr/4.3.2/avr4\libgcc.a(_clear_bss.o)
 *(.data*)
 *(.rodata)
 *(.rodata*)
 *(.gnu.linkonce.d*)
                0x00800104                . = ALIGN (0x2)
 *fill*         0x00800103        0x1 00
                0x00800104                _edata = .
                0x00800104                PROVIDE (__data_end, .)

.bss            0x00800104       0x56
                0x00800104                PROVIDE (__bss_start, .)
 *(.bss)
 .bss           0x00800104        0x0 c:/winavr-20090313/bin/../lib/gcc/avr/4.3.2/../../../../avr/lib/avr4/crtm8.o
 .bss           0x00800104       0x1d InfraHID.o
 .bss           0x00800121        0x0 oddebug.o
 .bss           0x00800121       0x18 usbdrv.o
                0x00800121                usbRxBuf
 .bss           0x00800139        0x0 usbdrvasm.o
 .bss           0x00800139        0x0 c:/winavr-20090313/bin/../lib/gcc/avr/4.3.2/avr4\libgcc.a(_exit.o)
 .bss           0x00800139        0x0 c:/winavr-20090313/bin/../lib/gcc/avr/4.3.2/avr4\libgcc.a(_copy_data.o)
 .bss           0x00800139        0x0 c:/winavr-20090313/bin/../lib/gcc/avr/4.3.2/avr4\libgcc.a(_clear_bss.o)
 *(.bss*)
 *(COMMON)
 COMMON         0x00800139       0x21 usbdrv.o
                0x00800139                usbTxBuf
                0x00800144                usbAppBuf
                0x00800145                usbTxBuf1
                0x00800150                usbInputBuf
                0x00800151                usbDeviceAddr
                0x00800152                usbRxToken
                0x00800153                usbMsgPtr
                0x00800155                usbTxPacketCnt1
                0x00800156                usbRxLen
                0x00800157                usbNewDeviceAddr
                0x00800158                usbCurrentTok
                0x00800159                usbConfiguration
                0x0080015a                PROVIDE (__bss_end, .)
                0x00000bf8                __data_load_start = LOADADDR (.data)
                0x00000c9c                __data_load_end = (__data_load_start + SIZEOF (.data))

.noinit         0x0080015a        0x0
                0x0080015a                PROVIDE (__noinit_start, .)
 *(.noinit*)
                0x0080015a                PROVIDE (__noinit_end, .)
                0x0080015a                _end = .
                0x0080015a                PROVIDE (__heap_start, .)

.eeprom         0x00810000        0x0
 *(.eeprom*)
                0x00810000                __eeprom_end = .

.fuse
 *(.fuse)
 *(.lfuse)
 *(.hfuse)
 *(.efuse)

.lock
 *(.lock*)

.signature
 *(.signature*)

.stab
 *(.stab)

.stabstr
 *(.stabstr)

.stab.excl
 *(.stab.excl)

.stab.exclstr
 *(.stab.exclstr)

.stab.index
 *(.stab.index)

.stab.indexstr
 *(.stab.indexstr)

.comment
 *(.comment)

.debug
 *(.debug)

.line
 *(.line)

.debug_srcinfo
 *(.debug_srcinfo)

.debug_sfnames
 *(.debug_sfnames)

.debug_aranges  0x00000000       0x40
 *(.debug_aranges)
 .debug_aranges
                0x00000000       0x20 InfraHID.o
 .debug_aranges
                0x00000020       0x20 usbdrv.o

.debug_pubnames
                0x00000000      0x1ff
 *(.debug_pubnames)
 .debug_pubnames
                0x00000000       0x59 InfraHID.o
 .debug_pubnames
                0x00000059      0x1a6 usbdrv.o

.debug_info     0x00000000      0xf52
 *(.debug_info)
 .debug_info    0x00000000      0x7c0 InfraHID.o
 .debug_info    0x000007c0       0x61 oddebug.o
 .debug_info    0x00000821      0x731 usbdrv.o
 *(.gnu.linkonce.wi.*)

.debug_abbrev   0x00000000      0x53f
 *(.debug_abbrev)
 .debug_abbrev  0x00000000      0x29d InfraHID.o
 .debug_abbrev  0x0000029d       0x33 oddebug.o
 .debug_abbrev  0x000002d0      0x26f usbdrv.o

.debug_line     0x00000000      0x91f
 *(.debug_line)
 .debug_line    0x00000000      0x564 InfraHID.o
 .debug_line    0x00000564       0x41 oddebug.o
 .debug_line    0x000005a5      0x37a usbdrv.o

.debug_frame    0x00000000       0xa0
 *(.debug_frame)
 .debug_frame   0x00000000       0x60 InfraHID.o
 .debug_frame   0x00000060       0x40 usbdrv.o

.debug_str      0x00000000      0x52a
 *(.debug_str)
 .debug_str     0x00000000      0x2d3 InfraHID.o
                                0x31a (size before relaxing)
 .debug_str     0x000002d3        0xd oddebug.o
                                 0xae (size before relaxing)
 .debug_str     0x000002e0      0x24a usbdrv.o
                                0x36b (size before relaxing)

.debug_loc      0x00000000      0x642
 *(.debug_loc)
 .debug_loc     0x00000000      0x253 InfraHID.o
 .debug_loc     0x00000253      0x3ef usbdrv.o

.debug_macinfo
 *(.debug_macinfo)
OUTPUT(InfraHID.elf elf32-avr)
LOAD linker stubs

.debug_ranges   0x00000000       0xd0
 .debug_ranges  0x00000000       0x60 InfraHID.o
 .debug_ranges  0x00000060       0x70 usbdrv.o
